// Jest Snapshot v1, https://goo.gl/fbAQLP

exports[`SelectGoal (Unit) render should render null if the step is not 5 1`] = `null`;

exports[`SelectGoal (Unit) render should render properly 1`] = `
Array [
  <label
    className="Select-label"
  >
    What category would you like to leave feedback about?
  </label>,
  <select
    className="Select-mainWrapper"
    name="selectGoal"
    onChange={[MockFunction]}
    value="default"
  >
    <option
      defaultValue={true}
      disabled={true}
      value="default"
    >
      Choose...
    </option>
    <option
      data-testid="SelectOption-0"
      value="footwear"
    >
      Footwear
    </option>
    <option
      data-testid="SelectOption-1"
      value="outerware"
    >
      Outerware
    </option>
    <option
      data-testid="SelectOption-2"
      value="bags"
    >
      Bags
    </option>
    <option
      data-testid="SelectOption-3"
      value="other"
    >
      Other
    </option>
  </select>,
  <div
    className="Button-container"
  >
    <button
      className="Button-component SelectGoal-Button"
      data-testid="SelectGoal-Button"
      disabled={true}
      onClick={[MockFunction]}
    >
      Next
    </button>
  </div>,
]
`;
