// Jest Snapshot v1, https://goo.gl/fbAQLP

exports[`NPSInput (Unit) render should render null if the step is not 5 1`] = `null`;

exports[`NPSInput (Unit) render should render properly 1`] = `
<div
  className="NPSInput-container"
>
  <label
    className="NPSInput-radioLabel"
  >
    How likely are you to recommend Cole Haan to a friend or colleague?
  </label>
  <div
    className="NPSInput-radioContainer"
  >
    <div>
      <label
        className="NPSInput-label"
        htmlFor="nps-0"
      >
        0
      </label>
      <div
        className="RadioInput-container"
      >
        <input
          className="RadioInput-component"
          data-testid="RadioInput-0"
          id="nps-0"
          name="npsScore"
          onClick={[MockFunction]}
          type="radio"
          value="0"
        />
      </div>
    </div>
    <div>
      <label
        className="NPSInput-label"
        htmlFor="nps-1"
      >
        1
      </label>
      <div
        className="RadioInput-container"
      >
        <input
          className="RadioInput-component"
          data-testid="RadioInput-1"
          id="nps-1"
          name="npsScore"
          onClick={[MockFunction]}
          type="radio"
          value="1"
        />
      </div>
    </div>
    <div>
      <label
        className="NPSInput-label"
        htmlFor="nps-2"
      >
        2
      </label>
      <div
        className="RadioInput-container"
      >
        <input
          className="RadioInput-component"
          data-testid="RadioInput-2"
          id="nps-2"
          name="npsScore"
          onClick={[MockFunction]}
          type="radio"
          value="2"
        />
      </div>
    </div>
    <div>
      <label
        className="NPSInput-label"
        htmlFor="nps-3"
      >
        3
      </label>
      <div
        className="RadioInput-container"
      >
        <input
          className="RadioInput-component"
          data-testid="RadioInput-3"
          id="nps-3"
          name="npsScore"
          onClick={[MockFunction]}
          type="radio"
          value="3"
        />
      </div>
    </div>
    <div>
      <label
        className="NPSInput-label"
        htmlFor="nps-4"
      >
        4
      </label>
      <div
        className="RadioInput-container"
      >
        <input
          className="RadioInput-component"
          data-testid="RadioInput-4"
          id="nps-4"
          name="npsScore"
          onClick={[MockFunction]}
          type="radio"
          value="4"
        />
      </div>
    </div>
    <div>
      <label
        className="NPSInput-label"
        htmlFor="nps-5"
      >
        5
      </label>
      <div
        className="RadioInput-container"
      >
        <input
          className="RadioInput-component"
          data-testid="RadioInput-5"
          id="nps-5"
          name="npsScore"
          onClick={[MockFunction]}
          type="radio"
          value="5"
        />
      </div>
    </div>
    <div>
      <label
        className="NPSInput-label"
        htmlFor="nps-6"
      >
        6
      </label>
      <div
        className="RadioInput-container"
      >
        <input
          className="RadioInput-component"
          data-testid="RadioInput-6"
          id="nps-6"
          name="npsScore"
          onClick={[MockFunction]}
          type="radio"
          value="6"
        />
      </div>
    </div>
    <div>
      <label
        className="NPSInput-label"
        htmlFor="nps-7"
      >
        7
      </label>
      <div
        className="RadioInput-container"
      >
        <input
          className="RadioInput-component"
          data-testid="RadioInput-7"
          id="nps-7"
          name="npsScore"
          onClick={[MockFunction]}
          type="radio"
          value="7"
        />
      </div>
    </div>
    <div>
      <label
        className="NPSInput-label"
        htmlFor="nps-8"
      >
        8
      </label>
      <div
        className="RadioInput-container"
      >
        <input
          className="RadioInput-component"
          data-testid="RadioInput-8"
          id="nps-8"
          name="npsScore"
          onClick={[MockFunction]}
          type="radio"
          value="8"
        />
      </div>
    </div>
    <div>
      <label
        className="NPSInput-label"
        htmlFor="nps-9"
      >
        9
      </label>
      <div
        className="RadioInput-container"
      >
        <input
          className="RadioInput-component"
          data-testid="RadioInput-9"
          id="nps-9"
          name="npsScore"
          onClick={[MockFunction]}
          type="radio"
          value="9"
        />
      </div>
    </div>
    <div>
      <label
        className="NPSInput-label"
        htmlFor="nps-10"
      >
        10
      </label>
      <div
        className="RadioInput-container"
      >
        <input
          className="RadioInput-component"
          data-testid="RadioInput-10"
          id="nps-10"
          name="npsScore"
          onClick={[MockFunction]}
          type="radio"
          value="10"
        />
      </div>
    </div>
  </div>
  <div
    className="NPSInput-ratingLabels"
  >
    <span>
      Not at all likely
    </span>
    <span>
      Extremely likely
    </span>
  </div>
  <div
    className="Button-container"
  >
    <button
      className="Button-component NPSInput-Button"
      data-testid="NPSInput-Button"
      disabled={true}
      onClick={[MockFunction]}
    >
      Next
    </button>
  </div>
</div>
`;
